
> vite_react_shadcn_ts@0.0.0 build
> vite build

[36mvite v5.4.19 [32mbuilding for production...[36m[39m
transforming...
node.exe : Browserslist: browsers data 
(caniuse-lite) is 8 months old. Please run:
No linha:1 caractere:1
+ & "C:\Program Files\nodejs/node.exe" 
"C:\Program Files\nodejs/node_mo ...
+ ~~~~~~~~~~~~~~~~~~~~~~~~~~~~~~~~~~~~~~~~~~~~~~~
~~~~~~~~~~~~~~~~~~~~~~
    + CategoryInfo          : NotSpecified: (Bro 
   wserslist: b...ld. Please run::String) [], R  
  emoteException
    + FullyQualifiedErrorId : NativeCommandError
 
  npx update-browserslist-db@latest
  Why you should do it regularly: 
https://github.com/browserslist/update-db#readme
[33m[vite:css] @import must precede all other 
statements (besides @charset or empty @layer)
3  |  @tailwind utilities;
4  |  
5  |  @import url('https://fonts.googleapis.com/c
ss2?family=Inter:wght@300;400;500;600;700&display
=swap');
   |  ^^^^^^^^^^^^^^^^^^^^^^^^^^^^^^^^^^^^^^^^^^^
^^^^^^^^^^^^^^^^^^^^^^^^^^^^^^^^^^^^^^^^^^^^^^^^^
^^^^^^^^
6  |  
7  |  @layer base {[39m
[32mÔ£ô[39m 85 modules transformed.
[31mx[39m Build failed in 2.04s
[31merror during build:
[31m[vite:esbuild] Transform failed with 2 
errors:
C:/Users/Gabriel/Downloads/faithful-replica-desig
n-main/faithful-replica-design-main/src/component
s/estoque/NovoInsumoModal.tsx:55:10: ERROR: The 
symbol "perdasPercentual" has already been 
declared
C:/Users/Gabriel/Downloads/faithful-replica-desig
n-main/faithful-replica-design-main/src/component
s/estoque/NovoInsumoModal.tsx:55:10: ERROR: The 
symbol "setPerdasPercentual" has already been 
declared[31m
file: [36mC:/Users/Gabriel/Downloads/faithful-re
plica-design-main/faithful-replica-design-main/sr
c/components/estoque/NovoInsumoModal.tsx:55:10[3
1m
[33m
[33mThe symbol "perdasPercentual" has already 
been declared[33m
53 |      const [precoEmbalagem, 
setPrecoEmbalagem] = useState(0);
54 |      const [perdasPercentual, 
setPerdasPercentual] = useState(0);
55 |      const [perdasPercentual, 
setPerdasPercentual] = useState(0);
   |            ^
56 |      const [quantidade, setQuantidade] = 
useState(0);  // Quantidade total em estoque 
(unidade b├ísica)
57 |      const [estoqueEmbalagens, 
setEstoqueEmbalagens] = useState(0); // 
Quantidade visual em embalagens

[33mThe symbol "setPerdasPercentual" has 
already been declared[33m
53 |      const [precoEmbalagem, 
setPrecoEmbalagem] = useState(0);
54 |      const [perdasPercentual, 
setPerdasPercentual] = useState(0);
55 |      const [perdasPercentual, 
setPerdasPercentual] = useState(0);
   |            ^
56 |      const [quantidade, setQuantidade] = 
useState(0);  // Quantidade total em estoque 
(unidade b├ísica)
57 |      const [estoqueEmbalagens, 
setEstoqueEmbalagens] = useState(0); // 
Quantidade visual em embalagens
[31m
    at failureErrorWithLog (C:\Users\Gabriel\Down
loads\faithful-replica-design-main\faithful-repli
ca-design-main\node_modules\esbuild\lib\main.js:1
472:15)
    at C:\Users\Gabriel\Downloads\faithful-replic
a-design-main\faithful-replica-design-main\node_m
odules\esbuild\lib\main.js:755:50
    at responseCallbacks.<computed> (C:\Users\Gab
riel\Downloads\faithful-replica-design-main\faith
ful-replica-design-main\node_modules\esbuild\lib\
main.js:622:9)
    at handleIncomingPacket (C:\Users\Gabriel\Dow
nloads\faithful-replica-design-main\faithful-repl
ica-design-main\node_modules\esbuild\lib\main.js:
677:12)
    at Socket.readFromStdout (C:\Users\Gabriel\Do
wnloads\faithful-replica-design-main\faithful-rep
lica-design-main\node_modules\esbuild\lib\main.js
:600:7)
    at Socket.emit (node:events:508:28)
    at addChunk 
(node:internal/streams/readable:559:12)
    at readableAddChunkPushByteMode 
(node:internal/streams/readable:510:3)
    at Readable.push 
(node:internal/streams/readable:390:5)
    at Pipe.onStreamRead 
(node:internal/stream_base_commons:189:23)[39m
